2025-08-30 13:40:51 | ERROR    | src.main:main:102 | ❌ Error: Only named flags (--option) are allowed. | {}
2025-08-30 13:40:51 | ERROR    | src.main:main:103 | Use --help for usage information. | {}
2025-08-30 13:43:37 | ERROR    | src.main:main:102 | ❌ Error: Only named flags (--option) are allowed. | {}
2025-08-30 13:43:37 | ERROR    | src.main:main:103 | Use --help for usage information. | {}
2025-08-30 13:43:37 | ERROR    | src.main:main:102 | ❌ Error: Only named flags (--option) are allowed. | {}
2025-08-30 13:43:37 | ERROR    | src.main:main:103 | Use --help for usage information. | {}
2025-08-30 13:43:37 | ERROR    | src.main:main:102 | ❌ Error: Only named flags (--option) are allowed. | {}
2025-08-30 13:43:37 | ERROR    | src.main:main:103 | Use --help for usage information. | {}
2025-08-30 13:43:37 | ERROR    | src.main:main:102 | ❌ Error: Only named flags (--option) are allowed. | {}
2025-08-30 13:43:37 | ERROR    | src.main:main:103 | Use --help for usage information. | {}
2025-08-30 13:43:37 | ERROR    | src.main:main:102 | ❌ Error: Only named flags (--option) are allowed. | {}
2025-08-30 13:43:37 | ERROR    | src.main:main:103 | Use --help for usage information. | {}
2025-08-30 13:43:37 | ERROR    | src.main:main:102 | ❌ Error: Only named flags (--option) are allowed. | {}
2025-08-30 13:43:37 | ERROR    | src.main:main:103 | Use --help for usage information. | {}
2025-08-30 13:43:37 | ERROR    | src.main:main:102 | ❌ Error: Only named flags (--option) are allowed. | {}
2025-08-30 13:43:37 | ERROR    | src.main:main:103 | Use --help for usage information. | {}
2025-08-30 13:43:37 | ERROR    | src.main:main:102 | ❌ Error: Only named flags (--option) are allowed. | {}
2025-08-30 13:43:37 | ERROR    | src.main:main:103 | Use --help for usage information. | {}
2025-08-30 13:43:37 | ERROR    | src.main:main:102 | ❌ Error: Only named flags (--option) are allowed. | {}
2025-08-30 13:43:37 | ERROR    | src.main:main:103 | Use --help for usage information. | {}
2025-08-30 13:43:37 | ERROR    | src.main:main:102 | ❌ Error: Only named flags (--option) are allowed. | {}
2025-08-30 13:43:37 | ERROR    | src.main:main:103 | Use --help for usage information. | {}
2025-08-30 13:43:37 | ERROR    | src.main:main:102 | ❌ Error: Only named flags (--option) are allowed. | {}
2025-08-30 13:43:37 | ERROR    | src.main:main:103 | Use --help for usage information. | {}
2025-08-30 13:43:37 | ERROR    | tests.integration.logger:test_logger_levels_integration:54 | Error message | {}
2025-08-30 13:43:37 | CRITICAL | tests.integration.logger:test_logger_levels_integration:55 | Critical message | {}
2025-08-30 13:43:37 | CRITICAL | src.utils.logger:log_exception:220 | Test exception context
Traceback (most recent call last):
  File "/home/bypabloc/projects/bypabloc/scli/tests/integration/logger.py", line 75, in test_log_exception_integration
    raise ValueError("Test exception for logging")
ValueError: Test exception for logging
 | {}
